<html>
<body>
<pre>
<h1>礦ision Build Log</h1>
<h2>Tool Versions:</h2>
IDE-Version: μVision V5.21.1.0
Copyright (C) 2016 ARM Ltd and ARM Germany GmbH. All rights reserved.
License Information: 111 111, 111, LIC=FYKYW-Q6BQK-122LE-5HY4M-YDSAI-BKK5L
 
Tool Versions:
Toolchain:       MDK-ARM Plus  Version: 5.21a
Toolchain Path:  D:\Keil_v5\ARM\ARMCC\Bin
C Compiler:      Armcc.exe V5.06 update 3 (build 300)
Assembler:       Armasm.exe V5.06 update 3 (build 300)
Linker/Locator:  ArmLink.exe V5.06 update 3 (build 300)
Library Manager: ArmAr.exe V5.06 update 3 (build 300)
Hex Converter:   FromElf.exe V5.06 update 3 (build 300)
CPU DLL:         SARMCM3.DLL V5.21a
Dialog DLL:      DCM.DLL V1.13.8.0
Target DLL:      STLink\ST-LINKIII-KEIL_SWO.dll V2.0.18.0
Dialog DLL:      TCM.DLL V1.14.14.0
 
<h2>Project:</h2>
H:\嵌入式\project\USER\project.uvprojx
Project File Date:  06/06/2023

<h2>Output:</h2>
*** Using Compiler 'V5.06 update 3 (build 300)', folder: 'D:\Keil_v5\ARM\ARMCC\Bin'
Build target 'Template'
compiling main.c...
main.c(20): warning:  #223-D: function "usart2_init" declared implicitly
  	usart2_init(9600);
main.c(73): warning:  #223-D: function "u2_printf" declared implicitly
  				u2_printf("?露???%d.%d,????\n",rec_data[2],rec_data[3]);
main.c(78): warning:  #223-D: function "u2_printf" declared implicitly
  				u2_printf("?露???%d.%d,????\n",rec_data[2],rec_data[3]);
main.c(83): warning:  #223-D: function "u2_printf" declared implicitly
  			u2_printf("?露???%d.%d,????\n",rec_data[2],rec_data[3]);
main.c(87): warning:  #223-D: function "u2_printf" declared implicitly
  			u2_printf("?露???%d.%d,????\n",rec_data[2],rec_data[3]);
main.c: 5 warnings, 0 errors
linking...
Program Size: Code=37842 RO-data=7738 RW-data=132 ZI-data=8012  
FromELF: creating hex file...
".\OBJ\Template.axf" - 0 Error(s), 5 Warning(s).

<h2>Collection of Component include folders:</h2>
  H:\嵌入式\project\USER\RTE
  D:\Keil_v5\ARM\PACK\Keil\STM32F1xx_DFP\2.2.0\Device\Include

<h2>Collection of Component Files used:</h2>
Build Time Elapsed:  00:00:03
</pre>
</body>
</html>
